{
	"anno": "executing \".github/dependabot.yaml\"",
	"type": "*errors.errorString"
}
