{
	"kind": "testErrorTwo",
	"stck": [
		"--REPLACED--/json_test.go:69"
	],
	"type": "*tracer.Error"
}
