{
	"anno": "test error one",
	"type": "*errors.errorString"
}
